// Jest Snapshot v1, https://goo.gl/fbAQLP

exports[`<StorageDetails /> renders correctly 1`] = `
<div
  class="card-pf kubevirt-dashboard__card"
>
  <div
    class="card-pf-heading kubevirt-dashboard__card-heading"
  >
    <h2
      class="card-pf-title"
    >
      OCS Details
    </h2>
  </div>
  <div
    class="card-pf-body"
  >
    <dl>
      <dt
        class="kubevirt-detail__item-title"
      >
        Name
      </dt>
      <dd
        class="kubevirt-detail__item-value"
      >
        <div>
          <div
            class="spinner spinner-md blank-slate-pf-icon"
          />
        </div>
      </dd>
      <dt
        class="kubevirt-detail__item-title"
      >
        Provider
      </dt>
      <dd
        class="kubevirt-detail__item-value"
      >
        <span>
          Ceph
        </span>
      </dd>
      <dt
        class="kubevirt-detail__item-title"
      >
        OCS version
      </dt>
      <dd
        class="kubevirt-detail__item-value"
      >
        <span>
          v4.2
        </span>
      </dd>
    </dl>
  </div>
</div>
`;
